[www.ualberta.ca/truth-matters/index.html]
[backblue.gif]
[fade.gif]
[index.html]
[cdnjs.cloudflare.com/ajax/libs/modernizr/2.8.3/modernizr.min.js]
[cloudfront.ualberta.ca/Scripts/Common/bootstrap-multiselect.js]
[cdnjs.cloudflare.com/ajax/libs/flexslider/2.7.2/jquery.flexslider.min.js]
[www.ualberta.ca/_assets/javascript/legacy-all.js]
[www.ualberta.ca/_assets/javascript/framework.js]
[www.ualberta.ca/_assets/css/legacy-framework.css]
[www.ualberta.ca/_assets/css/framework.css]
[www.ualberta.ca/img/whirl-bg.png]
[www.ualberta.ca/truth-matters/img/because-we-dared/bwd-bg.jpg]
[www.ualberta.ca/img/calendar-icon.png]
[www.ualberta.ca/img/ui-bg_gloss-wave_35_007c45_500x100.png]
[www.ualberta.ca/img/loader.gif]
[www.ualberta.ca/img/admissions-icons.png]
[www.ualberta.ca/img/icon_facebook.png]
[www.ualberta.ca/img/icon_twitter.png]
[www.ualberta.ca/img/icon_tumblr.png]
[www.ualberta.ca/img/icon_foursquare.png]
[www.ualberta.ca/img/icon_youtube.png]
[www.ualberta.ca/img/icon_rss.png]
[www.ualberta.ca/design/img/icon_twitter.png]
[www.ualberta.ca/design/img/icon_facebook.png]
[www.ualberta.ca/design/img/icon_youtube.png]
[www.ualberta.ca/design/img/icon-linkedin.png]
[www.ualberta.ca/design/img/icon-flickr.png]
[www.ualberta.ca/design/img/icon-wordpress.png]
[www.ualberta.ca/design/img/icon-vimeo.png]
[www.ualberta.ca/design/img/icon-typepad.png]
[www.ualberta.ca/design/img/icon_blogger.png]
[www.ualberta.ca/img/ieLogo.png]
[www.ualberta.ca/truth-matters/assets/xml/ellipsis.xml]
[www.ualberta.ca/media-library/ualberta/homepage/the-quad-background.jpg]
[cloudfront.ualberta.ca/-/media/ualberta/about/images/quick-facts-v6.jpg]
[cloudfront.ualberta.ca/-/media/ualberta/about/images/student-opportunities-bg-v2.jpg]
[cloudfront.ualberta.ca/-/media/ualberta/about/images/student-opportunities-bg.jpg]
[cloudfront.ualberta.ca/-/media/ualberta/pre-campaign/pre-background.jpg]
[cloudfront.ualberta.ca/-/media/ualberta/pre-campaign/BottlingSunlight.png]
[www.ualberta.ca/truth-matters/solar-storage-more-than-enough-solar-power-to-meet-our-energy-needs-the-problem-is-storing-it.html]
[www.ualberta.ca/truth-matters/acceptable-organs-transplant-pioneer-made-rejecting-failure-his-lifes-work.html]
[cloudfront.ualberta.ca/-/media/ualberta/pre-campaign/AcceptableOrgans8e75.png]
[www.ualberta.ca/truth-matters/graves-of-missing-children-at-former-residential-school.html]
[www.ualberta.ca/truth-matters/mountain-meltdown.html]
[cloudfront.ualberta.ca/-/media/ualberta/pre-campaign/MountainMeltdown8e75.png]
[www.ualberta.ca/truth-matters/ancient-manuscript-using-ai-to-uncover-the-mystery.html]
[www.ualberta.ca/truth-matters/intelligent-arms-how-artificial-intelligence-is-revolutionizing-medical-science.html]
[cloudfront.ualberta.ca/-/media/ualberta/pre-campaign/SmartLimbs8e75.png]
[www.ualberta.ca/truth-matters/power-switch.html]
[www.ualberta.ca/truth-matters/research-muscle.html]
[cloudfront.ualberta.ca/-/media/ualberta/pre-campaign/research-muscle-new8e75.png]
[www.ualberta.ca/truth-matters/truth-matters-archive/chicken-feathers-decontaminate-your-water.html]
[www.ualberta.ca/truth-matters/chicken-feathers-decontaminate-your-water.html]
[www.ualberta.ca/truth-matters/truth-matters-archive/out-of-body-experiences-using-new-technology-to-meet-the-organ-shortage.html]
[www.ualberta.ca/truth-matters/out-of-body-experiences-using-new-technology-to-meet-the-organ-shortage.html]
[www.ualberta.ca/truth-matters/truth-matters-archive/ancient-manuscript-using-ai-to-uncover-the-mystery.html]
[www.ualberta.ca/truth-matters/index.html]
[www.googletagmanager.com/gtm5445.html]
[www.ualberta.ca/_assets/css/legacy-framework.css]
[cloudfront.ualberta.ca/design/img/webicons/webicon-blogger-m.png]
[www.ualberta.ca/_assets/css/framework.css]
[www.ualberta.ca/img/whirl-bg.html]
[www.ualberta.ca/truth-matters/img/because-we-dared/bwd-bg.html]
[www.ualberta.ca/img/calendar-icon.html]
[www.ualberta.ca/img/ui-bg_gloss-wave_35_007c45_500x100.html]
[www.ualberta.ca/img/loader.html]
[www.ualberta.ca/img/admissions-icons.html]
[www.ualberta.ca/img/icon_facebook.html]
[www.ualberta.ca/img/icon_twitter.html]
[www.ualberta.ca/img/icon_tumblr.html]
[www.ualberta.ca/img/icon_foursquare.html]
[www.ualberta.ca/img/icon_youtube.html]
[www.ualberta.ca/img/icon_rss.html]
[www.ualberta.ca/design/img/icon_blogger.html]
[www.ualberta.ca/img/ieLogo.html]
[www.ualberta.ca/truth-matters/assets/xml/ellipsis.html]
[cloudfront.ualberta.ca/-/media/ualberta/pre-campaign/story3-img38e75.jpg]
[www.ualberta.ca/truth-matters/solar-storage-more-than-enough-solar-power-to-meet-our-energy-needs-the-problem-is-storing-it.html]
[cloudfront.ualberta.ca/-/media/ualberta/pre-campaign/AcceptableOrgans.png]
[cloudfront.ualberta.ca/-/media/ualberta/pre-campaign/story2-img28e75.jpg]
[www.ualberta.ca/truth-matters/acceptable-organs-transplant-pioneer-made-rejecting-failure-his-lifes-work.html]
[cloudfront.ualberta.ca/-/media/ualberta/pre-campaign/GravesofMissingChildren.jpg]
[cloudfront.ualberta.ca/-/media/ualberta/pre-campaign/ResearcherImagePlaceholder8e75.jpg]
[www.ualberta.ca/truth-matters/graves-of-missing-children-at-former-residential-school.html]
[cloudfront.ualberta.ca/-/media/ualberta/pre-campaign/MountainMeltdown.png]
[www.ualberta.ca/truth-matters/mountain-meltdown.html]
[cloudfront.ualberta.ca/-/media/ualberta/pre-campaign/AIVoynichManuscript.jpg]
[www.ualberta.ca/truth-matters/ancient-manuscript-using-ai-to-uncover-the-mystery.html]
[cloudfront.ualberta.ca/-/media/ualberta/pre-campaign/SmartLimbs.png]
[cloudfront.ualberta.ca/-/media/ualberta/pre-campaign/story1-img8e75.jpg]
[www.ualberta.ca/truth-matters/intelligent-arms-how-artificial-intelligence-is-revolutionizing-medical-science.html]
[cloudfront.ualberta.ca/-/media/ualberta/pre-campaign/PowerSwitch.jpg]
[www.ualberta.ca/truth-matters/power-switch.html]
[cloudfront.ualberta.ca/-/media/ualberta/pre-campaign/carla-prado8e75.jpg]
[www.ualberta.ca/truth-matters/research-muscle.html]
[www.ualberta.ca/truth-matters/truth-matters-archive/chicken-feathers-decontaminate-your-water.html]
[cloudfront.ualberta.ca/-/media/ualberta/pre-campaign/chicken-img1.jpg]
[www.ualberta.ca/truth-matters/chicken-feathers-decontaminate-your-water.html]
[www.ualberta.ca/truth-matters/truth-matters-archive/out-of-body-experiences-using-new-technology-to-meet-the-organ-shortage.html]
[cloudfront.ualberta.ca/-/media/ualberta/pre-campaign/ex-vivo-device-smg.jpg]
[www.ualberta.ca/truth-matters/out-of-body-experiences-using-new-technology-to-meet-the-organ-shortage.html]
[www.ualberta.ca/truth-matters/truth-matters-archive/ancient-manuscript-using-ai-to-uncover-the-mystery.html]
[code.jquery.com/jquery-2.1.4.min.js]
